{ code: 'var mySet = new Set();\nvar myMap = new Map();',
  trace: 
   [ { stdout: '',
       func_name: '',
       stack_to_render: [],
       globals: 
        { mySet: [ 'JS_SPECIAL_VAL', 'undefined' ],
          myMap: [ 'JS_SPECIAL_VAL', 'undefined' ] },
       ordered_globals: [ 'mySet', 'myMap' ],
       line: 1,
       col: 0,
       event: 'step_line',
       heap: {} },
     { stdout: '',
       func_name: '',
       stack_to_render: [],
       globals: 
        { mySet: [ 'REF', 1 ],
          myMap: [ 'JS_SPECIAL_VAL', 'undefined' ] },
       ordered_globals: [ 'mySet', 'myMap' ],
       line: 2,
       col: 0,
       event: 'step_line',
       heap: { '1': [ 'SET' ] } },
     { stdout: '',
       func_name: '',
       stack_to_render: [],
       globals: { mySet: [ 'REF', 1 ], myMap: [ 'REF', 2 ] },
       ordered_globals: [ 'mySet', 'myMap' ],
       line: 2,
       col: 22,
       event: 'step_line',
       heap: { '1': [ 'SET' ], '2': [ 'DICT' ] } } ] }
